To honour the JVM settings for this build a single-use Daemon process will be forked. For more on this, please refer to https://docs.gradle.org/8.9/userguide/gradle_daemon.html#sec:disabling_the_daemon in the Gradle documentation.
Daemon will be stopped at the end of the build 
> Task :androidApp:preBuild UP-TO-DATE
> Task :androidApp:preDebugBuild UP-TO-DATE
> Task :androidApp:mergeDebugNativeDebugMetadata NO-SOURCE
> Task :androidApp:checkKotlinGradlePluginConfigurationErrors SKIPPED
> Task :androidApp:generateDebugResValues
> Task :androidApp:checkDebugAarMetadata
> Task :androidApp:mapDebugSourceSetPaths
> Task :androidApp:generateDebugResources
> Task :androidApp:packageDebugResources
> Task :androidApp:mergeDebugResources
> Task :androidApp:createDebugCompatibleScreenManifests
> Task :androidApp:extractDeepLinksDebug
> Task :androidApp:parseDebugLocalResources
> Task :androidApp:processDebugMainManifest
> Task :androidApp:processDebugManifest
> Task :androidApp:javaPreCompileDebug
> Task :androidApp:mergeDebugShaders
> Task :androidApp:compileDebugShaders NO-SOURCE
> Task :androidApp:generateDebugAssets UP-TO-DATE
> Task :androidApp:mergeDebugAssets
> Task :androidApp:compressDebugAssets
> Task :androidApp:checkDebugDuplicateClasses
> Task :androidApp:desugarDebugFileDependencies
> Task :androidApp:processDebugManifestForPackage
> Task :androidApp:mergeDebugJniLibFolders
> Task :androidApp:mergeLibDexDebug
> Task :androidApp:mergeDebugNativeLibs NO-SOURCE
> Task :androidApp:stripDebugDebugSymbols NO-SOURCE
> Task :androidApp:processDebugResources
> Task :androidApp:validateSigningDebug
> Task :androidApp:writeDebugAppMetadata
> Task :androidApp:writeDebugSigningConfigVersions
> Task :androidApp:mergeExtDexDebug
> Task :androidApp:compileDebugKotlin
> Task :androidApp:compileDebugJavaWithJavac NO-SOURCE
> Task :androidApp:processDebugJavaRes
> Task :androidApp:mergeDebugJavaResource
> Task :androidApp:dexBuilderDebug
> Task :androidApp:mergeProjectDexDebug
> Task :androidApp:packageDebug
> Task :androidApp:createDebugApkListingFileRedirect
> Task :androidApp:assembleDebug
gradle/actions: Writing build results to /home/runner/work/_temp/.gradle-actions/build-results/build_step-1787176082345.json

BUILD SUCCESSFUL in 33s
32 actionable tasks: 32 executed
