To honour the JVM settings for this build a single-use Daemon process will be forked. For more on this, please refer to https://docs.gradle.org/8.9/userguide/gradle_daemon.html#sec:disabling_the_daemon in the Gradle documentation.
Daemon will be stopped at the end of the build 
> Task :core:checkKotlinGradlePluginConfigurationErrors SKIPPED
> Task :core:processResources NO-SOURCE
> Task :core:processTestResources NO-SOURCE
> Task :app:preBuild UP-TO-DATE
> Task :app:preDebugBuild UP-TO-DATE
> Task :app:mergeDebugNativeDebugMetadata NO-SOURCE
> Task :app:checkKotlinGradlePluginConfigurationErrors SKIPPED
> Task :app:generateDebugResValues
> Task :app:checkDebugAarMetadata
> Task :app:mapDebugSourceSetPaths
> Task :app:generateDebugResources
> Task :app:packageDebugResources
> Task :app:createDebugCompatibleScreenManifests
> Task :app:extractDeepLinksDebug
> Task :app:parseDebugLocalResources
> Task :app:mergeDebugResources
> Task :app:processDebugMainManifest
> Task :app:processDebugManifest
> Task :app:javaPreCompileDebug
> Task :app:processDebugManifestForPackage
> Task :app:mergeDebugShaders
> Task :app:compileDebugShaders NO-SOURCE
> Task :app:generateDebugAssets UP-TO-DATE
> Task :app:mergeDebugAssets
> Task :app:compressDebugAssets
> Task :app:checkDebugDuplicateClasses
> Task :app:desugarDebugFileDependencies
> Task :app:processDebugResources
> Task :app:mergeDebugJniLibFolders
> Task :app:validateSigningDebug
> Task :app:writeDebugAppMetadata
> Task :app:writeDebugSigningConfigVersions
> Task :desktop:checkKotlinGradlePluginConfigurationErrors SKIPPED
> Task :desktop:processResources NO-SOURCE
> Task :app:mergeExtDexDebug
> Task :core:compileKotlin
> Task :core:compileJava NO-SOURCE
> Task :core:classes UP-TO-DATE
> Task :core:jar
> Task :core:assemble
> Task :core:compileTestKotlin NO-SOURCE
> Task :core:compileTestJava NO-SOURCE
> Task :core:testClasses UP-TO-DATE
> Task :core:test NO-SOURCE
> Task :core:check UP-TO-DATE
> Task :core:build
> Task :app:mergeDebugNativeLibs NO-SOURCE
> Task :app:stripDebugDebugSymbols NO-SOURCE
> Task :app:mergeLibDexDebug
> Task :desktop:compileKotlin
> Task :desktop:compileJava NO-SOURCE
> Task :desktop:classes UP-TO-DATE
> Task :desktop:jar
> Task :app:compileDebugKotlin
> Task :app:compileDebugJavaWithJavac NO-SOURCE
> Task :app:processDebugJavaRes
> Task :app:mergeDebugJavaResource
> Task :app:dexBuilderDebug
> Task :app:mergeProjectDexDebug
> Task :app:packageDebug
> Task :app:createDebugApkListingFileRedirect
> Task :app:assembleDebug
gradle/actions: Writing build results to /home/runner/work/_temp/.gradle-actions/build-results/build_step-1787171561142.json

BUILD SUCCESSFUL in 55s
36 actionable tasks: 36 executed
